python : [04/04/26 23:06:08] INFO     
Processing request of type           
server.py:727
At line:1 char:1
+ python test_debug.py 2>&1 | 
Tee-Object -FilePath test_output.txt
+ ~~~~~~~~~~~~~~~~~~~~~~~~~
    + CategoryInfo          : NotSpec 
   ified: ([04/04/26 23:06...  serve  
  r.py:727:String) [], RemoteExcept   
 ion
    + FullyQualifiedErrorId : NativeC 
   ommandError
 
                             
ListToolsRequest                      
            
                    INFO     
Processing request of type           
server.py:727
                             
CallToolRequest                       
            
  + Exception Group Traceback (most 
recent call last):
  |   File "C:\Users\gudip\Desktop\Aut
o_PPT_Agent\test_debug.py", line 99, 
in <module>
  |     asyncio.run(main())
  |   File "C:\Users\gudip\AppData\Loc
al\Programs\Python\Python311\Lib\async
io\runners.py", line 190, in run
  |     return runner.run(main)
  |            ^^^^^^^^^^^^^^^^
  |   File "C:\Users\gudip\AppData\Loc
al\Programs\Python\Python311\Lib\async
io\runners.py", line 118, in run
  |     return 
self._loop.run_until_complete(task)
  |            
^^^^^^^^^^^^^^^^^^^^^^^^^^^^^^^^^^^
  |   File "C:\Users\gudip\AppData\Loc
al\Programs\Python\Python311\Lib\async
io\base_events.py", line 650, in 
run_until_complete
  |     return future.result()
  |            ^^^^^^^^^^^^^^^
  |   File "C:\Users\gudip\Desktop\Aut
o_PPT_Agent\test_debug.py", line 54, 
in main
  |     async with 
stdio_client(server_param) as (read, 
write):
  |   File "C:\Users\gudip\AppData\Loc
al\Programs\Python\Python311\Lib\conte
xtlib.py", line 222, in __aexit__
  |     await self.gen.athrow(typ, 
value, traceback)
  |   File "C:\Users\gudip\AppData\Loc
al\Programs\Python\Python311\Lib\site-
packages\mcp\client\stdio\__init__.py"
, line 182, in stdio_client
  |     async with (
  |   File "C:\Users\gudip\AppData\Loc
al\Programs\Python\Python311\Lib\site-
packages\anyio\_backends\_asyncio.py",
 line 783, in __aexit__
  |     raise BaseExceptionGroup(
  | ExceptionGroup: unhandled errors 
in a TaskGroup (1 sub-exception)
  +-+---------------- 1 
----------------
    | Exception Group Traceback (most 
recent call last):
    |   File "C:\Users\gudip\AppData\L
ocal\Programs\Python\Python311\Lib\sit
e-packages\mcp\client\stdio\__init__.p
y", line 189, in stdio_client
    |     yield read_stream, 
write_stream
    |   File "C:\Users\gudip\Desktop\A
uto_PPT_Agent\test_debug.py", line 
55, in main
    |     async with 
ClientSession(read, write) as session:
    |   File "C:\Users\gudip\AppData\L
ocal\Programs\Python\Python311\Lib\sit
e-packages\anyio\_backends\_asyncio.py
", line 783, in __aexit__
    |     raise BaseExceptionGroup(
    | ExceptionGroup: unhandled 
errors in a TaskGroup (1 
sub-exception)
    +-+---------------- 1 
----------------
      | Traceback (most recent call 
last):
      |   File "C:\Users\gudip\Desktop
\Auto_PPT_Agent\test_debug.py", line 
65, in main
      |     await 
call_tool("create_presentation")
      |   File "C:\Users\gudip\Desktop
\Auto_PPT_Agent\test_debug.py", line 
62, in call_tool
      |     print(f"  \u2713 {name} 
\u2192 {result}")
      |   File "C:\Users\gudip\AppData
\Local\Programs\Python\Python311\Lib\e
ncodings\cp1252.py", line 19, in 
encode
      |     return codecs.charmap_enco
de(input,self.errors,encoding_table)[0
]
      |            ^^^^^^^^^^^^^^^^^^^
^^^^^^^^^^^^^^^^^^^^^^^^^^^^^^^^^^^^
      | UnicodeEncodeError: 'charmap' 
codec can't encode character '\u2713' 
in position 2: character maps to 
<undefined>
      
+------------------------------------
